#-----------------------------------------------------------
# Vivado v2018.2 (64-bit)
# SW Build 2258646 on Thu Jun 14 20:03:12 MDT 2018
# IP Build 2256618 on Thu Jun 14 22:10:49 MDT 2018
# Start of session at: Mon May 26 23:33:24 2025
# Process ID: 1912
# Current directory: C:/Users/ASUS/Downloads/Nano Processor Final/Nano Processor Final
# Command line: vivado.exe -gui_launcher_event rodinguilauncherevent25036 C:\Users\ASUS\Downloads\Nano Processor Final\Nano Processor Final\Nano Processor Final.xpr
# Log file: C:/Users/ASUS/Downloads/Nano Processor Final/Nano Processor Final/vivado.log
# Journal file: C:/Users/ASUS/Downloads/Nano Processor Final/Nano Processor Final\vivado.jou
#-----------------------------------------------------------
start_gui
open_project {C:/Users/ASUS/Downloads/Nano Processor Final/Nano Processor Final/Nano Processor Final.xpr}
update_compile_order -fileset sources_1
launch_simulation
source Processor_Testbench.tcl
close_sim
launch_simulation
source Processor_Testbench.tcl
reset_run synth_1
launch_runs synth_1 -jobs 4
wait_on_run synth_1
launch_runs impl_1 -jobs 4
wait_on_run impl_1
open_run impl_1
report_utilization -name utilization_1
launch_runs impl_1 -to_step write_bitstream -jobs 4
wait_on_run impl_1
close_sim
