#-----------------------------------------------------------
# Vivado v2018.2 (64-bit)
# SW Build 2258646 on Thu Jun 14 20:03:12 MDT 2018
# IP Build 2256618 on Thu Jun 14 22:10:49 MDT 2018
# Start of session at: Mon May 26 16:08:15 2025
# Process ID: 15540
# Current directory: C:/Users/ASUS/Downloads/Lut minimum/Nano Processor Final/Nano Processor Final
# Command line: vivado.exe -gui_launcher_event rodinguilauncherevent13128 C:\Users\ASUS\Downloads\Lut minimum\Nano Processor Final\Nano Processor Final\Nano Processor Final.xpr
# Log file: C:/Users/ASUS/Downloads/Lut minimum/Nano Processor Final/Nano Processor Final/vivado.log
# Journal file: C:/Users/ASUS/Downloads/Lut minimum/Nano Processor Final/Nano Processor Final\vivado.jou
#-----------------------------------------------------------
start_gui
open_project {C:/Users/ASUS/Downloads/Lut minimum/Nano Processor Final/Nano Processor Final/Nano Processor Final.xpr}
update_compile_order -fileset sources_1
reset_run synth_1
launch_runs synth_1 -jobs 4
wait_on_run synth_1
reset_run synth_1
update_compile_order -fileset sources_1
launch_runs synth_1 -jobs 4
wait_on_run synth_1
launch_runs impl_1 -jobs 4
wait_on_run impl_1
open_run impl_1
report_utilization -name utilization_1
# Disabling source management mode.  This is to allow the top design properties to be set without GUI intervention.
set_property source_mgmt_mode None [current_project]
set_property top Clock [current_fileset]
# Re-enabling previously disabled source management mode.
set_property source_mgmt_mode All [current_project]
update_compile_order -fileset sources_1
reset_run synth_1
launch_runs synth_1 -jobs 4
wait_on_run synth_1
launch_runs impl_1 -jobs 4
wait_on_run impl_1
refresh_design
# Disabling source management mode.  This is to allow the top design properties to be set without GUI intervention.
set_property source_mgmt_mode None [current_project]
set_property top Program_Counter [current_fileset]
# Re-enabling previously disabled source management mode.
set_property source_mgmt_mode All [current_project]
update_compile_order -fileset sources_1
# Disabling source management mode.  This is to allow the top design properties to be set without GUI intervention.
set_property source_mgmt_mode None [current_project]
set_property top Test_Program_Counter_TB [get_filesets sim_1]
set_property top_lib xil_defaultlib [get_filesets sim_1]
# Re-enabling previously disabled source management mode.
set_property source_mgmt_mode All [current_project]
update_compile_order -fileset sim_1
reset_run synth_1
launch_runs synth_1 -jobs 4
wait_on_run synth_1
launch_runs impl_1 -jobs 4
wait_on_run impl_1
refresh_design
launch_simulation
source Test_Program_Counter_TB.tcl
report_utilization -name utilization_1
# Disabling source management mode.  This is to allow the top design properties to be set without GUI intervention.
set_property source_mgmt_mode None [current_project]
set_property top Processor [current_fileset]
# Re-enabling previously disabled source management mode.
set_property source_mgmt_mode All [current_project]
update_compile_order -fileset sources_1
report_utilization -name utilization_2
report_utilization -name utilization_3
reset_run synth_1
launch_runs synth_1 -jobs 4
wait_on_run synth_1
launch_runs impl_1 -jobs 4
wait_on_run impl_1
refresh_design
report_utilization -name utilization_1
close_sim
